---
source: tests/test.rs
expression: diff
info:
  lhs:
    enum:
      - foo
      - bar
  rhs:
    enum:
      - foo
input_file: tests/fixtures/enum/constrict.json
---
[
    Change {
        path: "",
        change: ConstAdd {
            added: String("foo"),
        },
    },
    Change {
        path: "",
        change: EnumRemove {
            removed: [
                String("foo"),
                String("bar"),
            ],
        },
    },
]
