---
source: tests/test.rs
expression: diff
info:
  lhs:
    enum:
      - foo
      - bar
  rhs:
    enum:
      - foo
      - bar
      - baz
input_file: tests/fixtures/enum/extend.json
---
[
    Change {
        path: "",
        change: EnumAdd {
            added: [
                String("baz"),
            ],
        },
    },
]
